../../Middlewares/ST/touchgfx/framework/include/touchgfx/Screen.hpp:104:18:virtual void touchgfx::Screen::afterTransition()	0	static
../../Middlewares/ST/touchgfx/framework/include/touchgfx/Screen.hpp:144:18:virtual void touchgfx::Screen::handleTickEvent()	0	static
../../Middlewares/ST/touchgfx/framework/include/touchgfx/Screen.hpp:154:18:virtual void touchgfx::Screen::handleKeyEvent(uint8_t)	0	static
C:/TouchGFXProjects/App/TouchGFX/gui/src/screen1_screen/Screen1View.cpp:13:6:virtual void Screen1View::tearDownScreen()	0	static
../../TouchGFX/gui/include/gui/screen1_screen/Screen1View.hpp:11:13:Screen1View::~Screen1View()	8	static
../../TouchGFX/gui/include/gui/screen1_screen/Screen1View.hpp:11:13:virtual Screen1View::~Screen1View()	8	static
C:/TouchGFXProjects/App/TouchGFX/gui/src/screen1_screen/Screen1View.cpp:3:1:Screen1View::Screen1View()	8	static
C:/TouchGFXProjects/App/TouchGFX/gui/src/screen1_screen/Screen1View.cpp:8:6:virtual void Screen1View::setupScreen()	0	static
../../TouchGFX/gui/include/gui/screen1_screen/Screen1View.hpp:44:18:virtual void Screen1View::function4()	0	static
../../TouchGFX/gui/include/gui/screen1_screen/Screen1View.hpp:34:18:virtual void Screen1View::function3()	0	static
../../TouchGFX/gui/include/gui/screen1_screen/Screen1View.hpp:24:18:virtual void Screen1View::function2()	0	static
../../TouchGFX/gui/include/gui/screen1_screen/Screen1View.hpp:14:18:virtual void Screen1View::function1()	0	static
